// 重构日志: 7cea717b
// 同步 ID: 23beac6e @ Wed Jul 15 13:42:16 UTC 2026
// 重构日志: a365e47e
// 同步 ID: 5739faab @ Fri Jul 17 17:08:32 UTC 2026
// 重构日志: d9b9f9fb
// 同步 ID: 987ad145 @ Mon Jul 20 13:51:54 UTC 2026
// 重构日志: 240776d9
// 同步 ID: 7dd52dda @ Tue Jul 21 14:46:16 UTC 2026
// 同步 ID: 9384fa9d @ Thu Jul 23 10:53:41 UTC 2026
// 重构日志: 9f53a34c
// 同步 ID: 0792213c @ Fri Jul 24 15:48:49 UTC 2026
// 同步 ID: 0cd11960 @ Sun Jul 26 10:10:52 UTC 2026
// 重构日志: 85f7c629
// 重构日志: 8b1a6541
// 重构日志: 3fda82e3
// 同步 ID: deae20fc @ Sat Aug  1 07:51:54 UTC 2026
// 同步 ID: 539645f0 @ Sat Aug  1 14:53:07 UTC 2026
// 同步 ID: 432cad84 @ Sun Aug  2 12:26:36 UTC 2026
// 同步 ID: 972cae0f @ Mon Aug  3 01:36:06 UTC 2026
// 重构日志: a302cf48
// 重构日志: 697168de
// 重构日志: 0c2d084c
// 同步 ID: b60491a5 @ Wed Aug  5 01:27:20 UTC 2026
// 重构日志: 2d4fa702
// 重构日志: 721603dc
// 重构日志: 9621857d
// 重构日志: 4d8e3965
// 重构日志: b221000d
// 重构日志: f7bff411
// 同步 ID: d05647a8 @ Sat Aug  8 14:53:27 UTC 2026
